C:\Users\superman\Desktop\pegasus_427\dma\dmahw\implementation\system.ngc 1481068964
C:/Users/superman/Desktop/pegasus_427/dma/dmahw/implementation/dip_switches_8bits_wrapper.ngc 1481068872
C:/Users/superman/Desktop/pegasus_427/dma/dmahw/implementation/rs232_uart_1_wrapper.ngc 1481068861
C:/Users/superman/Desktop/pegasus_427/dma/dmahw/implementation/proc_sys_reset_0_wrapper.ngc 1481068727
C:/Users/superman/Desktop/pegasus_427/dma/dmahw/implementation/clock_generator_0_wrapper.ngc 1481068934
C:/Users/superman/Desktop/pegasus_427/dma/dmahw/implementation/microblaze_0_ilmb_wrapper.ngc 1481068924
C:/Users/superman/Desktop/pegasus_427/dma/dmahw/implementation/microblaze_0_dlmb_wrapper.ngc 1481068927
C:/Users/superman/Desktop/pegasus_427/dma/dmahw/implementation/axi4lite_0_wrapper.ngc 1481068938
C:/Users/superman/Desktop/pegasus_427/dma/dmahw/implementation/axi4_0_wrapper.ngc 1481068941
C:/Users/superman/Desktop/pegasus_427/dma/dmahw/implementation/microblaze_0_wrapper.ngc 1481068931
C:/Users/superman/Desktop/pegasus_427/dma/dmahw/implementation/ddr3_sdram_wrapper.ngc 1481068945
C:/Users/superman/Desktop/pegasus_427/dma/dmahw/implementation/microblaze_0_i_bram_ctrl_wrapper.ngc 1481068738
C:/Users/superman/Desktop/pegasus_427/dma/dmahw/implementation/microblaze_0_d_bram_ctrl_wrapper.ngc 1481068748
C:/Users/superman/Desktop/pegasus_427/dma/dmahw/implementation/debug_module_wrapper.ngc 1481068819
C:/Users/superman/Desktop/pegasus_427/dma/dmahw/implementation/dma_magic_0_wrapper.ngc 1481068920
C:/Users/superman/Desktop/pegasus_427/dma/dmahw/implementation/microblaze_0_bram_block_wrapper.ngc 1481068754
OK
