C:\Users\superman\Desktop\pegasus_427\spaceinvaderspwng\hw\working_hdmi\implementation\system.ngc 1475862393
C:/Users/superman/Desktop/pegasus_427/spaceinvaderspwng/hw/working_hdmi/implementation/rs232_uart_1_wrapper.ngc 1475862347
C:/Users/superman/Desktop/pegasus_427/spaceinvaderspwng/hw/working_hdmi/implementation/proc_sys_reset_0_wrapper.ngc 1475862347
C:/Users/superman/Desktop/pegasus_427/spaceinvaderspwng/hw/working_hdmi/implementation/clock_generator_0_wrapper.ngc 1475862371
C:/Users/superman/Desktop/pegasus_427/spaceinvaderspwng/hw/working_hdmi/implementation/axi_hdmi_0_wrapper.ngc 1475862347
C:/Users/superman/Desktop/pegasus_427/spaceinvaderspwng/hw/working_hdmi/implementation/axi_ac97_0_wrapper.ngc 1475862367
C:/Users/superman/Desktop/pegasus_427/spaceinvaderspwng/hw/working_hdmi/implementation/microblaze_0_ilmb_wrapper.ngc 1475862347
C:/Users/superman/Desktop/pegasus_427/spaceinvaderspwng/hw/working_hdmi/implementation/microblaze_0_dlmb_wrapper.ngc 1475862347
C:/Users/superman/Desktop/pegasus_427/spaceinvaderspwng/hw/working_hdmi/implementation/mcb_ddr2_wrapper.ngc 1475862347
C:/Users/superman/Desktop/pegasus_427/spaceinvaderspwng/hw/working_hdmi/implementation/axi4lite_0_wrapper.ngc 1475862347
C:/Users/superman/Desktop/pegasus_427/spaceinvaderspwng/hw/working_hdmi/implementation/axi4_0_wrapper.ngc 1475862347
C:/Users/superman/Desktop/pegasus_427/spaceinvaderspwng/hw/working_hdmi/implementation/microblaze_0_wrapper.ngc 1475862347
C:/Users/superman/Desktop/pegasus_427/spaceinvaderspwng/hw/working_hdmi/implementation/axi_vdma_0_wrapper.ngc 1475862347
C:/Users/superman/Desktop/pegasus_427/spaceinvaderspwng/hw/working_hdmi/implementation/microblaze_0_i_bram_ctrl_wrapper.ngc 1475862347
C:/Users/superman/Desktop/pegasus_427/spaceinvaderspwng/hw/working_hdmi/implementation/microblaze_0_d_bram_ctrl_wrapper.ngc 1475862347
C:/Users/superman/Desktop/pegasus_427/spaceinvaderspwng/hw/working_hdmi/implementation/debug_module_wrapper.ngc 1475862347
C:/Users/superman/Desktop/pegasus_427/spaceinvaderspwng/hw/working_hdmi/implementation/digilent_quadspi_cntlr_wrapper.ngc 1475862347
C:/Users/superman/Desktop/pegasus_427/spaceinvaderspwng/hw/working_hdmi/implementation/axi_intc_0_wrapper.ngc 1475862347
C:/Users/superman/Desktop/pegasus_427/spaceinvaderspwng/hw/working_hdmi/implementation/axi_timer_0_wrapper.ngc 1475862347
C:/Users/superman/Desktop/pegasus_427/spaceinvaderspwng/hw/working_hdmi/implementation/microblaze_0_bram_block_wrapper.ngc 1475862347
OK
