
**** Build of configuration Debug for project hello_world_0 ****

make all 
Building file: ../src/alienHandler.c
Invoking: MicroBlaze gcc compiler
mb-gcc -Wall -O0 -g3 -c -fmessage-length=0 -I../../hello_world_bsp_0/microblaze_0/include -mlittle-endian -mxl-barrel-shift -mxl-pattern-compare -mcpu=v8.20.b -mno-xl-soft-mul -MMD -MP -MF"src/alienHandler.d" -MT"src/alienHandler.d" -o"src/alienHandler.o" "../src/alienHandler.c"
Finished building: ../src/alienHandler.c
' '
Building file: ../src/aliens.c
Invoking: MicroBlaze gcc compiler
mb-gcc -Wall -O0 -g3 -c -fmessage-length=0 -I../../hello_world_bsp_0/microblaze_0/include -mlittle-endian -mxl-barrel-shift -mxl-pattern-compare -mcpu=v8.20.b -mno-xl-soft-mul -MMD -MP -MF"src/aliens.d" -MT"src/aliens.d" -o"src/aliens.o" "../src/aliens.c"
../src/aliens.c: In function 'aliens_update_position':
../src/aliens.c:287: warning: implicit declaration of function 'sound_playMarch'
../src/aliens.c: In function 'aliens_kill_alien':
../src/aliens.c:687: warning: implicit declaration of function 'sound_playAlienExplode'
Finished building: ../src/aliens.c
' '
Building file: ../src/arduino.c
Invoking: MicroBlaze gcc compiler
mb-gcc -Wall -O0 -g3 -c -fmessage-length=0 -I../../hello_world_bsp_0/microblaze_0/include -mlittle-endian -mxl-barrel-shift -mxl-pattern-compare -mcpu=v8.20.b -mno-xl-soft-mul -MMD -MP -MF"src/arduino.d" -MT"src/arduino.d" -o"src/arduino.o" "../src/arduino.c"
Finished building: ../src/arduino.c
' '
Building file: ../src/bulletHandler.c
Invoking: MicroBlaze gcc compiler
mb-gcc -Wall -O0 -g3 -c -fmessage-length=0 -I../../hello_world_bsp_0/microblaze_0/include -mlittle-endian -mxl-barrel-shift -mxl-pattern-compare -mcpu=v8.20.b -mno-xl-soft-mul -MMD -MP -MF"src/bulletHandler.d" -MT"src/bulletHandler.d" -o"src/bulletHandler.o" "../src/bulletHandler.c"
Finished building: ../src/bulletHandler.c
' '
Building file: ../src/bullets.c
Invoking: MicroBlaze gcc compiler
mb-gcc -Wall -O0 -g3 -c -fmessage-length=0 -I../../hello_world_bsp_0/microblaze_0/include -mlittle-endian -mxl-barrel-shift -mxl-pattern-compare -mcpu=v8.20.b -mno-xl-soft-mul -MMD -MP -MF"src/bullets.d" -MT"src/bullets.d" -o"src/bullets.o" "../src/bullets.c"
Finished building: ../src/bullets.c
' '
Building file: ../src/bunkers.c
Invoking: MicroBlaze gcc compiler
mb-gcc -Wall -O0 -g3 -c -fmessage-length=0 -I../../hello_world_bsp_0/microblaze_0/include -mlittle-endian -mxl-barrel-shift -mxl-pattern-compare -mcpu=v8.20.b -mno-xl-soft-mul -MMD -MP -MF"src/bunkers.d" -MT"src/bunkers.d" -o"src/bunkers.o" "../src/bunkers.c"
Finished building: ../src/bunkers.c
' '
Building file: ../src/core.c
Invoking: MicroBlaze gcc compiler
mb-gcc -Wall -O0 -g3 -c -fmessage-length=0 -I../../hello_world_bsp_0/microblaze_0/include -mlittle-endian -mxl-barrel-shift -mxl-pattern-compare -mcpu=v8.20.b -mno-xl-soft-mul -MMD -MP -MF"src/core.d" -MT"src/core.d" -o"src/core.o" "../src/core.c"
Finished building: ../src/core.c
' '
Building file: ../src/globals.c
Invoking: MicroBlaze gcc compiler
mb-gcc -Wall -O0 -g3 -c -fmessage-length=0 -I../../hello_world_bsp_0/microblaze_0/include -mlittle-endian -mxl-barrel-shift -mxl-pattern-compare -mcpu=v8.20.b -mno-xl-soft-mul -MMD -MP -MF"src/globals.d" -MT"src/globals.d" -o"src/globals.o" "../src/globals.c"
Finished building: ../src/globals.c
' '
Building file: ../src/helloworld.c
Invoking: MicroBlaze gcc compiler
mb-gcc -Wall -O0 -g3 -c -fmessage-length=0 -I../../hello_world_bsp_0/microblaze_0/include -mlittle-endian -mxl-barrel-shift -mxl-pattern-compare -mcpu=v8.20.b -mno-xl-soft-mul -MMD -MP -MF"src/helloworld.d" -MT"src/helloworld.d" -o"src/helloworld.o" "../src/helloworld.c"
../src/helloworld.c: In function 'main':
../src/helloworld.c:57: warning: passing argument 4 of 'setvbuf' makes integer from pointer without a cast
../src/helloworld.c:58: warning: passing argument 4 of 'setvbuf' makes integer from pointer without a cast
Finished building: ../src/helloworld.c
' '
Building file: ../src/pitiful.c
Invoking: MicroBlaze gcc compiler
mb-gcc -Wall -O0 -g3 -c -fmessage-length=0 -I../../hello_world_bsp_0/microblaze_0/include -mlittle-endian -mxl-barrel-shift -mxl-pattern-compare -mcpu=v8.20.b -mno-xl-soft-mul -MMD -MP -MF"src/pitiful.d" -MT"src/pitiful.d" -o"src/pitiful.o" "../src/pitiful.c"
Finished building: ../src/pitiful.c
' '
Building file: ../src/platform.c
Invoking: MicroBlaze gcc compiler
mb-gcc -Wall -O0 -g3 -c -fmessage-length=0 -I../../hello_world_bsp_0/microblaze_0/include -mlittle-endian -mxl-barrel-shift -mxl-pattern-compare -mcpu=v8.20.b -mno-xl-soft-mul -MMD -MP -MF"src/platform.d" -MT"src/platform.d" -o"src/platform.o" "../src/platform.c"
Finished building: ../src/platform.c
' '
Building file: ../src/saucer.c
Invoking: MicroBlaze gcc compiler
mb-gcc -Wall -O0 -g3 -c -fmessage-length=0 -I../../hello_world_bsp_0/microblaze_0/include -mlittle-endian -mxl-barrel-shift -mxl-pattern-compare -mcpu=v8.20.b -mno-xl-soft-mul -MMD -MP -MF"src/saucer.d" -MT"src/saucer.d" -o"src/saucer.o" "../src/saucer.c"
Finished building: ../src/saucer.c
' '
Building file: ../src/screen.c
Invoking: MicroBlaze gcc compiler
mb-gcc -Wall -O0 -g3 -c -fmessage-length=0 -I../../hello_world_bsp_0/microblaze_0/include -mlittle-endian -mxl-barrel-shift -mxl-pattern-compare -mcpu=v8.20.b -mno-xl-soft-mul -MMD -MP -MF"src/screen.d" -MT"src/screen.d" -o"src/screen.o" "../src/screen.c"
Finished building: ../src/screen.c
' '
Building file: ../src/sound.c
Invoking: MicroBlaze gcc compiler
mb-gcc -Wall -O0 -g3 -c -fmessage-length=0 -I../../hello_world_bsp_0/microblaze_0/include -mlittle-endian -mxl-barrel-shift -mxl-pattern-compare -mcpu=v8.20.b -mno-xl-soft-mul -MMD -MP -MF"src/sound.d" -MT"src/sound.d" -o"src/sound.o" "../src/sound.c"
Finished building: ../src/sound.c
' '
Building file: ../src/tank.c
Invoking: MicroBlaze gcc compiler
mb-gcc -Wall -O0 -g3 -c -fmessage-length=0 -I../../hello_world_bsp_0/microblaze_0/include -mlittle-endian -mxl-barrel-shift -mxl-pattern-compare -mcpu=v8.20.b -mno-xl-soft-mul -MMD -MP -MF"src/tank.d" -MT"src/tank.d" -o"src/tank.o" "../src/tank.c"
Finished building: ../src/tank.c
' '
Building file: ../src/text.c
Invoking: MicroBlaze gcc compiler
mb-gcc -Wall -O0 -g3 -c -fmessage-length=0 -I../../hello_world_bsp_0/microblaze_0/include -mlittle-endian -mxl-barrel-shift -mxl-pattern-compare -mcpu=v8.20.b -mno-xl-soft-mul -MMD -MP -MF"src/text.d" -MT"src/text.d" -o"src/text.o" "../src/text.c"
Finished building: ../src/text.c
' '
Building file: ../src/xac97_l.c
Invoking: MicroBlaze gcc compiler
mb-gcc -Wall -O0 -g3 -c -fmessage-length=0 -I../../hello_world_bsp_0/microblaze_0/include -mlittle-endian -mxl-barrel-shift -mxl-pattern-compare -mcpu=v8.20.b -mno-xl-soft-mul -MMD -MP -MF"src/xac97_l.d" -MT"src/xac97_l.d" -o"src/xac97_l.o" "../src/xac97_l.c"
../src/xac97_l.c: In function 'XAC97_InitAudio':
../src/xac97_l.c:57: warning: unused variable 'i'
../src/xac97_l.c: In function 'XAC97_RecAudio':
../src/xac97_l.c:97: warning: unused variable 'i'
../src/xac97_l.c: In function 'XAC97_PlayAudio':
../src/xac97_l.c:132: warning: unused variable 'i'
Finished building: ../src/xac97_l.c
' '
Building file: ../src/sound/explosion.c
Invoking: MicroBlaze gcc compiler
mb-gcc -Wall -O0 -g3 -c -fmessage-length=0 -I../../hello_world_bsp_0/microblaze_0/include -mlittle-endian -mxl-barrel-shift -mxl-pattern-compare -mcpu=v8.20.b -mno-xl-soft-mul -MMD -MP -MF"src/sound/explosion.d" -MT"src/sound/explosion.d" -o"src/sound/explosion.o" "../src/sound/explosion.c"
Finished building: ../src/sound/explosion.c
' '
Building file: ../src/sound/fastinvader1.c
Invoking: MicroBlaze gcc compiler
mb-gcc -Wall -O0 -g3 -c -fmessage-length=0 -I../../hello_world_bsp_0/microblaze_0/include -mlittle-endian -mxl-barrel-shift -mxl-pattern-compare -mcpu=v8.20.b -mno-xl-soft-mul -MMD -MP -MF"src/sound/fastinvader1.d" -MT"src/sound/fastinvader1.d" -o"src/sound/fastinvader1.o" "../src/sound/fastinvader1.c"
Finished building: ../src/sound/fastinvader1.c
' '
Building file: ../src/sound/fastinvader2.c
Invoking: MicroBlaze gcc compiler
mb-gcc -Wall -O0 -g3 -c -fmessage-length=0 -I../../hello_world_bsp_0/microblaze_0/include -mlittle-endian -mxl-barrel-shift -mxl-pattern-compare -mcpu=v8.20.b -mno-xl-soft-mul -MMD -MP -MF"src/sound/fastinvader2.d" -MT"src/sound/fastinvader2.d" -o"src/sound/fastinvader2.o" "../src/sound/fastinvader2.c"
Finished building: ../src/sound/fastinvader2.c
' '
Building file: ../src/sound/fastinvader3.c
Invoking: MicroBlaze gcc compiler
mb-gcc -Wall -O0 -g3 -c -fmessage-length=0 -I../../hello_world_bsp_0/microblaze_0/include -mlittle-endian -mxl-barrel-shift -mxl-pattern-compare -mcpu=v8.20.b -mno-xl-soft-mul -MMD -MP -MF"src/sound/fastinvader3.d" -MT"src/sound/fastinvader3.d" -o"src/sound/fastinvader3.o" "../src/sound/fastinvader3.c"
Finished building: ../src/sound/fastinvader3.c
' '
Building file: ../src/sound/fastinvader4.c
Invoking: MicroBlaze gcc compiler
mb-gcc -Wall -O0 -g3 -c -fmessage-length=0 -I../../hello_world_bsp_0/microblaze_0/include -mlittle-endian -mxl-barrel-shift -mxl-pattern-compare -mcpu=v8.20.b -mno-xl-soft-mul -MMD -MP -MF"src/sound/fastinvader4.d" -MT"src/sound/fastinvader4.d" -o"src/sound/fastinvader4.o" "../src/sound/fastinvader4.c"
Finished building: ../src/sound/fastinvader4.c
' '
Building file: ../src/sound/invaderkilled.c
Invoking: MicroBlaze gcc compiler
mb-gcc -Wall -O0 -g3 -c -fmessage-length=0 -I../../hello_world_bsp_0/microblaze_0/include -mlittle-endian -mxl-barrel-shift -mxl-pattern-compare -mcpu=v8.20.b -mno-xl-soft-mul -MMD -MP -MF"src/sound/invaderkilled.d" -MT"src/sound/invaderkilled.d" -o"src/sound/invaderkilled.o" "../src/sound/invaderkilled.c"
Finished building: ../src/sound/invaderkilled.c
' '
Building file: ../src/sound/shoot.c
Invoking: MicroBlaze gcc compiler
mb-gcc -Wall -O0 -g3 -c -fmessage-length=0 -I../../hello_world_bsp_0/microblaze_0/include -mlittle-endian -mxl-barrel-shift -mxl-pattern-compare -mcpu=v8.20.b -mno-xl-soft-mul -MMD -MP -MF"src/sound/shoot.d" -MT"src/sound/shoot.d" -o"src/sound/shoot.o" "../src/sound/shoot.c"
Finished building: ../src/sound/shoot.c
' '
Building file: ../src/sound/ufo_highpitch.c
Invoking: MicroBlaze gcc compiler
mb-gcc -Wall -O0 -g3 -c -fmessage-length=0 -I../../hello_world_bsp_0/microblaze_0/include -mlittle-endian -mxl-barrel-shift -mxl-pattern-compare -mcpu=v8.20.b -mno-xl-soft-mul -MMD -MP -MF"src/sound/ufo_highpitch.d" -MT"src/sound/ufo_highpitch.d" -o"src/sound/ufo_highpitch.o" "../src/sound/ufo_highpitch.c"
Finished building: ../src/sound/ufo_highpitch.c
' '
Building file: ../src/sound/ufo_lowpitch.c
Invoking: MicroBlaze gcc compiler
mb-gcc -Wall -O0 -g3 -c -fmessage-length=0 -I../../hello_world_bsp_0/microblaze_0/include -mlittle-endian -mxl-barrel-shift -mxl-pattern-compare -mcpu=v8.20.b -mno-xl-soft-mul -MMD -MP -MF"src/sound/ufo_lowpitch.d" -MT"src/sound/ufo_lowpitch.d" -o"src/sound/ufo_lowpitch.o" "../src/sound/ufo_lowpitch.c"
Finished building: ../src/sound/ufo_lowpitch.c
' '
Building target: hello_world_0.elf
Invoking: MicroBlaze gcc linker
mb-gcc -Wl,-T -Wl,../src/lscript.ld -L../../hello_world_bsp_0/microblaze_0/lib -mlittle-endian -mxl-barrel-shift -mxl-pattern-compare -mcpu=v8.20.b -mno-xl-soft-mul -o"hello_world_0.elf"  ./src/alienHandler.o ./src/aliens.o ./src/arduino.o ./src/bulletHandler.o ./src/bullets.o ./src/bunkers.o ./src/core.o ./src/globals.o ./src/helloworld.o ./src/pitiful.o ./src/platform.o ./src/saucer.o ./src/screen.o ./src/sound.o ./src/tank.o ./src/text.o ./src/xac97_l.o  ./src/sound/explosion.o ./src/sound/fastinvader1.o ./src/sound/fastinvader2.o ./src/sound/fastinvader3.o ./src/sound/fastinvader4.o ./src/sound/invaderkilled.o ./src/sound/shoot.o ./src/sound/ufo_highpitch.o ./src/sound/ufo_lowpitch.o   -Wl,--start-group,-lxil,-lgcc,-lc,--end-group
Finished building target: hello_world_0.elf
' '
Invoking: MicroBlaze Print Size
mb-size hello_world_0.elf  |tee "hello_world_0.elf.size"
   text	   data	    bss	    dec	    hex	filename
  73948	 193548	  11032	 278528	  44000	hello_world_0.elf
Finished building: hello_world_0.elf.size
' '
Invoking: Xilinx ELF Check
elfcheck hello_world_0.elf -hw ../../SpaceInvaderTestHW2_hw_platform/system.xml -pe microblaze_0  |tee "hello_world_0.elf.elfcheck"
elfcheck
Xilinx EDK 13.4 Build EDK_O.87xd
Copyright (c) 1995-2011 Xilinx, Inc.  All rights reserved.

Command Line: elfcheck -hw ../../SpaceInvaderTestHW2_hw_platform/system.xml -pe
microblaze_0 hello_world_0.elf 

ELF file	: hello_world_0.elf
elfcheck passed.
Finished building: hello_world_0.elf.elfcheck
' '
