C:\Users\superman\Desktop\pegasus_427\lab8\lab6hw\implementation\system.ngc 1481246493
C:/Users/superman/Desktop/pegasus_427/lab8/lab6hw/implementation/push_buttons_5bits_wrapper.ngc 1481246406
C:/Users/superman/Desktop/pegasus_427/lab8/lab6hw/implementation/arduino_0_wrapper.ngc 1481246440
C:/Users/superman/Desktop/pegasus_427/lab8/lab6hw/implementation/rs232_uart_1_wrapper.ngc 1481246406
C:/Users/superman/Desktop/pegasus_427/lab8/lab6hw/implementation/proc_sys_reset_0_wrapper.ngc 1481246406
C:/Users/superman/Desktop/pegasus_427/lab8/lab6hw/implementation/clock_generator_0_wrapper.ngc 1481246468
C:/Users/superman/Desktop/pegasus_427/lab8/lab6hw/implementation/axi_hdmi_0_wrapper.ngc 1481246406
C:/Users/superman/Desktop/pegasus_427/lab8/lab6hw/implementation/axi_ac97_0_wrapper.ngc 1481246432
C:/Users/superman/Desktop/pegasus_427/lab8/lab6hw/implementation/microblaze_0_ilmb_wrapper.ngc 1481246406
C:/Users/superman/Desktop/pegasus_427/lab8/lab6hw/implementation/microblaze_0_dlmb_wrapper.ngc 1481246406
C:/Users/superman/Desktop/pegasus_427/lab8/lab6hw/implementation/mcb_ddr2_wrapper.ngc 1481246406
C:/Users/superman/Desktop/pegasus_427/lab8/lab6hw/implementation/axi4lite_0_wrapper.ngc 1481246406
C:/Users/superman/Desktop/pegasus_427/lab8/lab6hw/implementation/axi4_0_wrapper.ngc 1481246406
C:/Users/superman/Desktop/pegasus_427/lab8/lab6hw/implementation/microblaze_0_wrapper.ngc 1481246406
C:/Users/superman/Desktop/pegasus_427/lab8/lab6hw/implementation/axi_vdma_0_wrapper.ngc 1481246406
C:/Users/superman/Desktop/pegasus_427/lab8/lab6hw/implementation/axi_intc_0_wrapper.ngc 1481246406
C:/Users/superman/Desktop/pegasus_427/lab8/lab6hw/implementation/microblaze_0_i_bram_ctrl_wrapper.ngc 1481246406
C:/Users/superman/Desktop/pegasus_427/lab8/lab6hw/implementation/microblaze_0_d_bram_ctrl_wrapper.ngc 1481246406
C:/Users/superman/Desktop/pegasus_427/lab8/lab6hw/implementation/debug_module_wrapper.ngc 1481246406
C:/Users/superman/Desktop/pegasus_427/lab8/lab6hw/implementation/pitiful_0_wrapper.ngc 1481246419
C:/Users/superman/Desktop/pegasus_427/lab8/lab6hw/implementation/fit_timer_0_wrapper.ngc 1481246406
C:/Users/superman/Desktop/pegasus_427/lab8/lab6hw/implementation/axi_timer_0_wrapper.ngc 1481246406
C:/Users/superman/Desktop/pegasus_427/lab8/lab6hw/implementation/digilent_quadspi_cntlr_wrapper.ngc 1481246406
C:/Users/superman/Desktop/pegasus_427/lab8/lab6hw/implementation/dma_magic_0_wrapper.ngc 1481246453
C:/Users/superman/Desktop/pegasus_427/lab8/lab6hw/implementation/dma_control_0_wrapper.ngc 1481246465
C:/Users/superman/Desktop/pegasus_427/lab8/lab6hw/implementation/microblaze_0_bram_block_wrapper.ngc 1481246406
OK
