C:\Users\superman\Desktop\pegasus_427\lab2\lab2hw\implementation\system.ngc 1478208883
C:/Users/superman/Desktop/pegasus_427/lab2/lab2hw/implementation/push_buttons_5bits_wrapper.ngc 1478208851
C:/Users/superman/Desktop/pegasus_427/lab2/lab2hw/implementation/dip_switches_8bits_wrapper.ngc 1478208851
C:/Users/superman/Desktop/pegasus_427/lab2/lab2hw/implementation/pitiful_0_wrapper.ngc 1478208866
C:/Users/superman/Desktop/pegasus_427/lab2/lab2hw/implementation/rs232_uart_1_wrapper.ngc 1478208851
C:/Users/superman/Desktop/pegasus_427/lab2/lab2hw/implementation/proc_sys_reset_0_wrapper.ngc 1478208851
C:/Users/superman/Desktop/pegasus_427/lab2/lab2hw/implementation/clock_generator_0_wrapper.ngc 1478208869
C:/Users/superman/Desktop/pegasus_427/lab2/lab2hw/implementation/microblaze_0_ilmb_wrapper.ngc 1478208851
C:/Users/superman/Desktop/pegasus_427/lab2/lab2hw/implementation/microblaze_0_dlmb_wrapper.ngc 1478208851
C:/Users/superman/Desktop/pegasus_427/lab2/lab2hw/implementation/axi4lite_0_wrapper.ngc 1478208851
C:/Users/superman/Desktop/pegasus_427/lab2/lab2hw/implementation/microblaze_0_wrapper.ngc 1478208851
C:/Users/superman/Desktop/pegasus_427/lab2/lab2hw/implementation/microblaze_0_intc_wrapper.ngc 1478208851
C:/Users/superman/Desktop/pegasus_427/lab2/lab2hw/implementation/microblaze_0_i_bram_ctrl_wrapper.ngc 1478208851
C:/Users/superman/Desktop/pegasus_427/lab2/lab2hw/implementation/microblaze_0_d_bram_ctrl_wrapper.ngc 1478208851
C:/Users/superman/Desktop/pegasus_427/lab2/lab2hw/implementation/debug_module_wrapper.ngc 1478208851
C:/Users/superman/Desktop/pegasus_427/lab2/lab2hw/implementation/leds_8bits_wrapper.ngc 1478208851
C:/Users/superman/Desktop/pegasus_427/lab2/lab2hw/implementation/fit_timer_0_wrapper.ngc 1478208851
C:/Users/superman/Desktop/pegasus_427/lab2/lab2hw/implementation/microblaze_0_bram_block_wrapper.ngc 1478208851
OK
